[0;34m[2025-06-10 01:03:28][0m 🚀 Bắt đầu triển khai production SWINX...
[0;35m[THÔNG TIN][0m ✅ Docker và Docker Compose đã sẵn sàng
[0;35m[THÔNG TIN][0m ✅ Tất cả file cấu hình đã sẵn sàng
[0;34m[2025-06-10 01:03:28][0m 📋 Cấu hình môi trường production...
[0;32m[THÀNH CÔNG][0m File môi trường production đã được sao chép
[0;34m[2025-06-10 01:03:28][0m 🔐 Tạo SSL certificate...
[0;32m[THÀNH CÔNG][0m SSL certificate đã được tạo
[0;34m[2025-06-10 01:03:28][0m 🧹 Dọn dẹp môi trường cũ...
[0;32m[THÀNH CÔNG][0m Môi trường cũ đã được dọn dẹp
[0;34m[2025-06-10 01:03:36][0m 📦 Tạo backup database...
[0;35m[THÔNG TIN][0m Database container chưa chạy, bỏ qua backup
[0;34m[2025-06-10 01:03:36][0m 🔨 Build và khởi động services...
[0;34m[2025-06-10 01:04:25][0m 🚀 Bắt đầu triển khai production SWINX...
[0;35m[THÔNG TIN][0m ✅ Docker và Docker Compose đã sẵn sàng
[0;35m[THÔNG TIN][0m ✅ Tất cả file cấu hình đã sẵn sàng
[0;34m[2025-06-10 01:04:25][0m 📋 Cấu hình môi trường production...
[0;32m[THÀNH CÔNG][0m File môi trường production đã được sao chép
[0;35m[THÔNG TIN][0m SSL certificate đã tồn tại
[0;34m[2025-06-10 01:04:25][0m 🧹 Dọn dẹp môi trường cũ...
[0;32m[THÀNH CÔNG][0m Môi trường cũ đã được dọn dẹp
[0;34m[2025-06-10 01:04:26][0m 📦 Tạo backup database...
[0;35m[THÔNG TIN][0m Database container chưa chạy, bỏ qua backup
[0;34m[2025-06-10 01:04:26][0m 🔨 Build và khởi động services...
[0;34m[2025-06-10 01:05:11][0m 🚀 Bắt đầu triển khai production SWINX...
[0;35m[THÔNG TIN][0m ✅ Docker và Docker Compose đã sẵn sàng
[0;35m[THÔNG TIN][0m ✅ Tất cả file cấu hình đã sẵn sàng
[0;34m[2025-06-10 01:05:11][0m 📋 Cấu hình môi trường production...
[0;32m[THÀNH CÔNG][0m File môi trường production đã được sao chép
[0;35m[THÔNG TIN][0m SSL certificate đã tồn tại
[0;34m[2025-06-10 01:05:11][0m 🧹 Dọn dẹp môi trường cũ...
[0;32m[THÀNH CÔNG][0m Môi trường cũ đã được dọn dẹp
[0;34m[2025-06-10 01:05:12][0m 📦 Tạo backup database...
[0;35m[THÔNG TIN][0m Database container chưa chạy, bỏ qua backup
[0;34m[2025-06-10 01:05:12][0m 🔨 Build và khởi động services...
[0;34m[2025-06-10 01:19:09][0m 🚀 Bắt đầu triển khai production SWINX...
[0;35m[THÔNG TIN][0m ✅ Docker và Docker Compose đã sẵn sàng
[0;35m[THÔNG TIN][0m ✅ Tất cả file cấu hình đã sẵn sàng
[0;34m[2025-06-10 01:19:09][0m 📋 Cấu hình môi trường production...
[0;32m[THÀNH CÔNG][0m File môi trường production đã được sao chép
[0;35m[THÔNG TIN][0m SSL certificate đã tồn tại
[0;34m[2025-06-10 01:19:09][0m 🧹 Dọn dẹp môi trường cũ...
[0;32m[THÀNH CÔNG][0m Môi trường cũ đã được dọn dẹp
[0;34m[2025-06-10 01:19:15][0m 📦 Tạo backup database...
[0;35m[THÔNG TIN][0m Database container chưa chạy, bỏ qua backup
[0;34m[2025-06-10 01:19:15][0m 🔨 Build và khởi động services...
[0;34m[2025-06-10 01:21:46][0m ⏳ Đợi services khởi động...
[0;34m[2025-06-10 01:22:16][0m 🔍 Kiểm tra trạng thái containers...
[0;34m[2025-06-10 01:22:20][0m 🏥 Kiểm tra health check...
[0;34m[2025-06-10 01:22:20][0m Health check 1/30 thất bại, thử lại sau 10s...
[0;34m[2025-06-10 01:22:30][0m Health check 2/30 thất bại, thử lại sau 10s...
[0;34m[2025-06-10 01:22:40][0m Health check 3/30 thất bại, thử lại sau 10s...
[0;34m[2025-06-10 01:22:50][0m Health check 4/30 thất bại, thử lại sau 10s...
[0;34m[2025-06-10 01:23:00][0m Health check 5/30 thất bại, thử lại sau 10s...
[0;34m[2025-06-10 01:23:10][0m Health check 6/30 thất bại, thử lại sau 10s...
[0;34m[2025-06-10 01:23:20][0m Health check 7/30 thất bại, thử lại sau 10s...
[0;34m[2025-06-10 01:23:30][0m Health check 8/30 thất bại, thử lại sau 10s...
[0;34m[2025-06-10 01:23:40][0m Health check 9/30 thất bại, thử lại sau 10s...
[0;34m[2025-06-10 01:23:50][0m Health check 10/30 thất bại, thử lại sau 10s...
[0;34m[2025-06-10 01:24:00][0m Health check 11/30 thất bại, thử lại sau 10s...
[0;34m[2025-06-10 01:24:10][0m Health check 12/30 thất bại, thử lại sau 10s...
[0;34m[2025-06-10 01:24:20][0m Health check 13/30 thất bại, thử lại sau 10s...
[0;34m[2025-06-10 01:24:30][0m Health check 14/30 thất bại, thử lại sau 10s...
[0;34m[2025-06-10 01:24:40][0m Health check 15/30 thất bại, thử lại sau 10s...
[0;34m[2025-06-10 01:24:50][0m Health check 16/30 thất bại, thử lại sau 10s...
[0;34m[2025-06-10 01:25:00][0m Health check 17/30 thất bại, thử lại sau 10s...
[0;34m[2025-06-10 01:25:10][0m Health check 18/30 thất bại, thử lại sau 10s...
[0;34m[2025-06-10 01:25:20][0m Health check 19/30 thất bại, thử lại sau 10s...
[0;34m[2025-06-10 01:25:30][0m Health check 20/30 thất bại, thử lại sau 10s...
[0;34m[2025-06-10 01:25:40][0m Health check 21/30 thất bại, thử lại sau 10s...
[0;34m[2025-06-10 01:25:50][0m Health check 22/30 thất bại, thử lại sau 10s...
[0;34m[2025-06-10 01:26:00][0m Health check 23/30 thất bại, thử lại sau 10s...
[0;34m[2025-06-10 01:26:11][0m Health check 24/30 thất bại, thử lại sau 10s...
[0;34m[2025-06-10 01:26:21][0m Health check 25/30 thất bại, thử lại sau 10s...
[0;34m[2025-06-10 01:26:31][0m Health check 26/30 thất bại, thử lại sau 10s...
[0;34m[2025-06-10 01:26:41][0m Health check 27/30 thất bại, thử lại sau 10s...
[0;34m[2025-06-10 01:26:51][0m Health check 28/30 thất bại, thử lại sau 10s...
[0;34m[2025-06-10 01:27:01][0m Health check 29/30 thất bại, thử lại sau 10s...
[0;34m[2025-06-10 01:27:11][0m Health check 30/30 thất bại, thử lại sau 10s...
[0;31m[LỖI][0m Ứng dụng thất bại trong health check sau khi triển khai
[0;34m[2025-06-10 01:30:55][0m 🚀 Bắt đầu triển khai production SWINX...
[0;35m[THÔNG TIN][0m ✅ Docker và Docker Compose đã sẵn sàng
[0;35m[THÔNG TIN][0m ✅ Tất cả file cấu hình đã sẵn sàng
[0;34m[2025-06-10 01:30:55][0m 📋 Cấu hình môi trường production...
[0;32m[THÀNH CÔNG][0m File môi trường production đã được sao chép
[0;35m[THÔNG TIN][0m SSL certificate đã tồn tại
[0;34m[2025-06-10 01:30:55][0m 🧹 Dọn dẹp môi trường cũ...
[0;32m[THÀNH CÔNG][0m Môi trường cũ đã được dọn dẹp
[0;34m[2025-06-10 01:30:57][0m 📦 Tạo backup database...
[0;35m[THÔNG TIN][0m Database container chưa chạy, bỏ qua backup
[0;34m[2025-06-10 01:30:57][0m 🔨 Build và khởi động services...
[0;34m[2025-06-10 01:33:22][0m ⏳ Đợi services khởi động...
[0;34m[2025-06-10 01:33:52][0m 🔍 Kiểm tra trạng thái containers...
[0;34m[2025-06-10 01:33:55][0m 🏥 Kiểm tra health check...
[0;34m[2025-06-10 01:33:55][0m Health check 1/30 thất bại, thử lại sau 10s...
[0;34m[2025-06-10 01:34:05][0m Health check 2/30 thất bại, thử lại sau 10s...
[0;34m[2025-06-10 01:34:15][0m Health check 3/30 thất bại, thử lại sau 10s...
[0;34m[2025-06-10 01:34:25][0m Health check 4/30 thất bại, thử lại sau 10s...
[0;34m[2025-06-10 01:34:35][0m Health check 5/30 thất bại, thử lại sau 10s...
[0;34m[2025-06-10 01:34:45][0m Health check 6/30 thất bại, thử lại sau 10s...
[0;34m[2025-06-10 01:34:55][0m Health check 7/30 thất bại, thử lại sau 10s...
[0;34m[2025-06-10 01:35:05][0m Health check 8/30 thất bại, thử lại sau 10s...
[0;34m[2025-06-10 01:35:15][0m Health check 9/30 thất bại, thử lại sau 10s...
[0;34m[2025-06-10 01:35:25][0m Health check 10/30 thất bại, thử lại sau 10s...
[0;34m[2025-06-10 01:35:35][0m Health check 11/30 thất bại, thử lại sau 10s...
[0;34m[2025-06-10 01:35:45][0m Health check 12/30 thất bại, thử lại sau 10s...
[0;34m[2025-06-10 01:35:55][0m Health check 13/30 thất bại, thử lại sau 10s...
[0;34m[2025-06-10 01:36:05][0m Health check 14/30 thất bại, thử lại sau 10s...
[0;34m[2025-06-10 01:36:16][0m Health check 15/30 thất bại, thử lại sau 10s...
[0;34m[2025-06-10 01:36:26][0m Health check 16/30 thất bại, thử lại sau 10s...
[0;34m[2025-06-10 01:36:36][0m Health check 17/30 thất bại, thử lại sau 10s...
[0;34m[2025-06-10 01:36:46][0m Health check 18/30 thất bại, thử lại sau 10s...
[0;34m[2025-06-10 01:36:56][0m Health check 19/30 thất bại, thử lại sau 10s...
[0;34m[2025-06-10 01:37:06][0m Health check 20/30 thất bại, thử lại sau 10s...
[0;34m[2025-06-10 01:37:16][0m Health check 21/30 thất bại, thử lại sau 10s...
[0;34m[2025-06-10 01:37:26][0m Health check 22/30 thất bại, thử lại sau 10s...
[0;34m[2025-06-10 01:37:36][0m Health check 23/30 thất bại, thử lại sau 10s...
[0;34m[2025-06-10 01:37:46][0m Health check 24/30 thất bại, thử lại sau 10s...
[0;34m[2025-06-10 01:37:56][0m Health check 25/30 thất bại, thử lại sau 10s...
[0;34m[2025-06-10 01:38:06][0m Health check 26/30 thất bại, thử lại sau 10s...
[0;34m[2025-06-10 01:38:16][0m Health check 27/30 thất bại, thử lại sau 10s...
[0;34m[2025-06-10 01:38:26][0m Health check 28/30 thất bại, thử lại sau 10s...
[0;34m[2025-06-10 01:38:36][0m Health check 29/30 thất bại, thử lại sau 10s...
[0;34m[2025-06-10 01:38:46][0m Health check 30/30 thất bại, thử lại sau 10s...
[0;31m[LỖI][0m Ứng dụng thất bại trong health check sau khi triển khai
